[0m04:51:34.773539 [debug] [MainThread]: Sending event: {'category': 'dbt', 'action': 'invocation', 'label': 'start', 'context': [<snowplow_tracker.self_describing_json.SelfDescribingJson object at 0x7a50dae59b50>, <snowplow_tracker.self_describing_json.SelfDescribingJson object at 0x7a50da8004d0>, <snowplow_tracker.self_describing_json.SelfDescribingJson object at 0x7a50dae59ca0>]}


============================== 04:51:34.791928 | 4c02e7dc-a76d-4a85-978e-9623c242ea71 ==============================
[0m04:51:34.791928 [info ] [MainThread]: Running with dbt=1.11.7
[0m04:51:34.793779 [debug] [MainThread]: running dbt with arguments {'fail_fast': 'False', 'warn_error': 'None', 'indirect_selection': 'eager', 'use_experimental_parser': 'False', 'partial_parse': 'True', 'profiles_dir': '/home/ericm/.dbt', 'send_anonymous_usage_stats': 'True', 'quiet': 'False', 'debug': 'False', 'printer_width': '80', 'log_format': 'default', 'target_path': 'None', 'empty': 'None', 'use_colors': 'True', 'cache_selected_only': 'False', 'write_json': 'True', 'warn_error_options': 'WarnErrorOptionsV2(error=[], warn=[], silence=[])', 'invocation_command': 'dbt debug', 'version_check': 'True', 'introspect': 'True', 'log_path': '/home/ericm/dbt_start_project/dbt_core_project/logs', 'log_cache_events': 'False', 'no_print': 'None', 'static_parser': 'True'}
[0m04:51:34.825397 [info ] [MainThread]: dbt version: 1.11.7
[0m04:51:34.825833 [info ] [MainThread]: python version: 3.12.3
[0m04:51:34.826123 [info ] [MainThread]: python path: /home/ericm/dbt_start_project/.venv/bin/python3
[0m04:51:34.826366 [info ] [MainThread]: os info: Linux-6.6.87.2-microsoft-standard-WSL2-x86_64-with-glibc2.39
[0m04:51:34.832213 [error] [MainThread]: Encountered an error:
Parsing Error
  Env var required but not provided: 'SNOWFLAKE_ACCOUNT'
[0m04:51:34.834679 [debug] [MainThread]: Resource report: {"command_name": "debug", "command_success": false, "command_wall_clock_time": 0.12645817, "process_in_blocks": "72", "process_kernel_time": 0.805322, "process_mem_max_rss": "100544", "process_out_blocks": "16", "process_user_time": 1.232331}
[0m04:51:34.835194 [debug] [MainThread]: Command `dbt debug` failed at 04:51:34.835098 after 0.13 seconds
[0m04:51:34.835517 [debug] [MainThread]: Sending event: {'category': 'dbt', 'action': 'invocation', 'label': 'end', 'context': [<snowplow_tracker.self_describing_json.SelfDescribingJson object at 0x7a50db34f140>, <snowplow_tracker.self_describing_json.SelfDescribingJson object at 0x7a50da7883b0>, <snowplow_tracker.self_describing_json.SelfDescribingJson object at 0x7a50da760350>]}
[0m04:51:34.835841 [debug] [MainThread]: Flushing usage events
[0m04:51:36.173663 [debug] [MainThread]: An error was encountered while trying to flush usage events
[0m04:52:33.091996 [debug] [MainThread]: Sending event: {'category': 'dbt', 'action': 'invocation', 'label': 'start', 'context': [<snowplow_tracker.self_describing_json.SelfDescribingJson object at 0x756ee9aa89b0>, <snowplow_tracker.self_describing_json.SelfDescribingJson object at 0x756ee9796d20>, <snowplow_tracker.self_describing_json.SelfDescribingJson object at 0x756ee946fef0>]}


============================== 04:52:33.095800 | 9ca34049-a220-4ea1-979f-b9feebce0c26 ==============================
[0m04:52:33.095800 [info ] [MainThread]: Running with dbt=1.11.7
[0m04:52:33.096268 [debug] [MainThread]: running dbt with arguments {'debug': 'False', 'introspect': 'True', 'warn_error': 'None', 'indirect_selection': 'eager', 'write_json': 'True', 'no_print': 'None', 'warn_error_options': 'WarnErrorOptionsV2(error=[], warn=[], silence=[])', 'log_cache_events': 'False', 'invocation_command': 'dbt debug', 'static_parser': 'True', 'empty': 'None', 'version_check': 'True', 'printer_width': '80', 'quiet': 'False', 'log_path': '/home/ericm/dbt_start_project/dbt_core_project/logs', 'target_path': 'None', 'profiles_dir': '/home/ericm/.dbt', 'fail_fast': 'False', 'partial_parse': 'True', 'log_format': 'default', 'cache_selected_only': 'False', 'send_anonymous_usage_stats': 'True', 'use_experimental_parser': 'False', 'use_colors': 'True'}
[0m04:52:33.102906 [info ] [MainThread]: dbt version: 1.11.7
[0m04:52:33.103267 [info ] [MainThread]: python version: 3.12.3
[0m04:52:33.103554 [info ] [MainThread]: python path: /home/ericm/dbt_start_project/.venv/bin/python3
[0m04:52:33.103811 [info ] [MainThread]: os info: Linux-6.6.87.2-microsoft-standard-WSL2-x86_64-with-glibc2.39
[0m04:52:33.109705 [info ] [MainThread]: Error importing adapter: No module named 'dbt.adapters.snowflake'
[0m04:52:33.111323 [info ] [MainThread]: Using profiles dir at /home/ericm/.dbt
[0m04:52:33.111887 [info ] [MainThread]: Using profiles.yml file at /home/ericm/.dbt/profiles.yml
[0m04:52:33.112415 [info ] [MainThread]: Using dbt_project.yml file at /home/ericm/dbt_start_project/dbt_core_project/dbt_project.yml
[0m04:52:33.202280 [info ] [MainThread]: Configuration:
[0m04:52:33.202771 [info ] [MainThread]:   profiles.yml file [[31mERROR invalid[0m]
[0m04:52:33.203060 [info ] [MainThread]:   dbt_project.yml file [[32mOK found and valid[0m]
[0m04:52:33.203301 [info ] [MainThread]: Required dependencies:
[0m04:52:33.203567 [debug] [MainThread]: Executing "git --help"
[0m04:52:33.208431 [debug] [MainThread]: STDOUT: "b"usage: git [-v | --version] [-h | --help] [-C <path>] [-c <name>=<value>]\n           [--exec-path[=<path>]] [--html-path] [--man-path] [--info-path]\n           [-p | --paginate | -P | --no-pager] [--no-replace-objects] [--bare]\n           [--git-dir=<path>] [--work-tree=<path>] [--namespace=<name>]\n           [--config-env=<name>=<envvar>] <command> [<args>]\n\nThese are common Git commands used in various situations:\n\nstart a working area (see also: git help tutorial)\n   clone     Clone a repository into a new directory\n   init      Create an empty Git repository or reinitialize an existing one\n\nwork on the current change (see also: git help everyday)\n   add       Add file contents to the index\n   mv        Move or rename a file, a directory, or a symlink\n   restore   Restore working tree files\n   rm        Remove files from the working tree and from the index\n\nexamine the history and state (see also: git help revisions)\n   bisect    Use binary search to find the commit that introduced a bug\n   diff      Show changes between commits, commit and working tree, etc\n   grep      Print lines matching a pattern\n   log       Show commit logs\n   show      Show various types of objects\n   status    Show the working tree status\n\ngrow, mark and tweak your common history\n   branch    List, create, or delete branches\n   commit    Record changes to the repository\n   merge     Join two or more development histories together\n   rebase    Reapply commits on top of another base tip\n   reset     Reset current HEAD to the specified state\n   switch    Switch branches\n   tag       Create, list, delete or verify a tag object signed with GPG\n\ncollaborate (see also: git help workflows)\n   fetch     Download objects and refs from another repository\n   pull      Fetch from and integrate with another repository or a local branch\n   push      Update remote refs along with associated objects\n\n'git help -a' and 'git help -g' list available subcommands and some\nconcept guides. See 'git help <command>' or 'git help <concept>'\nto read about a specific subcommand or concept.\nSee 'git help git' for an overview of the system.\n""
[0m04:52:33.208801 [debug] [MainThread]: STDERR: "b''"
[0m04:52:33.209061 [info ] [MainThread]:  - git [[32mOK found[0m]

[0m04:52:33.209331 [info ] [MainThread]: Connection test skipped since no profile was found
[0m04:52:33.209629 [info ] [MainThread]: [31m1 check failed:[0m
[0m04:52:33.209874 [info ] [MainThread]: Profile loading failed for the following reason:
Runtime Error
  Credentials in profile "dbt_core_project", target "dev" invalid: Runtime Error
    Could not find adapter type snowflake!


[0m04:52:33.210620 [debug] [MainThread]: Resource report: {"command_name": "debug", "command_success": false, "command_wall_clock_time": 0.16366056, "process_in_blocks": "0", "process_kernel_time": 0.146597, "process_mem_max_rss": "102748", "process_out_blocks": "16", "process_user_time": 1.1803}
[0m04:52:33.211064 [debug] [MainThread]: Command `dbt debug` failed at 04:52:33.210976 after 0.16 seconds
[0m04:52:33.211385 [debug] [MainThread]: Sending event: {'category': 'dbt', 'action': 'invocation', 'label': 'end', 'context': [<snowplow_tracker.self_describing_json.SelfDescribingJson object at 0x756ee8b1b230>, <snowplow_tracker.self_describing_json.SelfDescribingJson object at 0x756ee91e3950>, <snowplow_tracker.self_describing_json.SelfDescribingJson object at 0x756ee9911f70>]}
[0m04:52:33.211715 [debug] [MainThread]: Flushing usage events
[0m04:52:32.561161 [debug] [MainThread]: An error was encountered while trying to flush usage events
[0m04:54:09.589314 [debug] [MainThread]: Sending event: {'category': 'dbt', 'action': 'invocation', 'label': 'start', 'context': [<snowplow_tracker.self_describing_json.SelfDescribingJson object at 0x7d9f9bc4e390>, <snowplow_tracker.self_describing_json.SelfDescribingJson object at 0x7d9f9e0641d0>, <snowplow_tracker.self_describing_json.SelfDescribingJson object at 0x7d9f9bc4e2d0>]}


============================== 04:54:09.592459 | 807279db-47a7-4b2c-bfdd-df40a3d61a21 ==============================
[0m04:54:09.592459 [info ] [MainThread]: Running with dbt=1.11.7
[0m04:54:09.593161 [debug] [MainThread]: running dbt with arguments {'cache_selected_only': 'False', 'use_colors': 'True', 'use_experimental_parser': 'False', 'target_path': 'None', 'profiles_dir': '/home/ericm/.dbt', 'partial_parse': 'True', 'warn_error_options': 'WarnErrorOptionsV2(error=[], warn=[], silence=[])', 'warn_error': 'None', 'indirect_selection': 'eager', 'invocation_command': 'dbt debug', 'send_anonymous_usage_stats': 'True', 'quiet': 'False', 'fail_fast': 'False', 'log_cache_events': 'False', 'introspect': 'True', 'printer_width': '80', 'debug': 'False', 'log_format': 'default', 'no_print': 'None', 'write_json': 'True', 'empty': 'None', 'log_path': '/home/ericm/dbt_start_project/dbt_core_project/logs', 'static_parser': 'True', 'version_check': 'True'}
[0m04:54:09.601141 [info ] [MainThread]: dbt version: 1.11.7
[0m04:54:09.601580 [info ] [MainThread]: python version: 3.12.3
[0m04:54:09.601856 [info ] [MainThread]: python path: /home/ericm/dbt_start_project/.venv/bin/python3
[0m04:54:09.602104 [info ] [MainThread]: os info: Linux-6.6.87.2-microsoft-standard-WSL2-x86_64-with-glibc2.39
[0m04:54:10.159285 [debug] [MainThread]: Snowflake adapter: Setting snowflake.connector to ERROR (file logging only)
[0m04:54:10.159751 [debug] [MainThread]: Snowflake adapter: Setting botocore to ERROR (file logging only)
[0m04:54:10.160084 [debug] [MainThread]: Snowflake adapter: Setting boto3 to ERROR (file logging only)
[0m04:54:10.208418 [info ] [MainThread]: Using profiles dir at /home/ericm/.dbt
[0m04:54:10.209148 [info ] [MainThread]: Using profiles.yml file at /home/ericm/.dbt/profiles.yml
[0m04:54:10.209594 [info ] [MainThread]: Using dbt_project.yml file at /home/ericm/dbt_start_project/dbt_core_project/dbt_project.yml
[0m04:54:10.210115 [info ] [MainThread]: adapter type: snowflake
[0m04:54:10.210474 [info ] [MainThread]: adapter version: 1.11.3
[0m04:54:10.300959 [info ] [MainThread]: Configuration:
[0m04:54:10.301454 [info ] [MainThread]:   profiles.yml file [[32mOK found and valid[0m]
[0m04:54:10.301755 [info ] [MainThread]:   dbt_project.yml file [[32mOK found and valid[0m]
[0m04:54:10.302127 [info ] [MainThread]: Required dependencies:
[0m04:54:10.302471 [debug] [MainThread]: Executing "git --help"
[0m04:54:10.304276 [debug] [MainThread]: STDOUT: "b"usage: git [-v | --version] [-h | --help] [-C <path>] [-c <name>=<value>]\n           [--exec-path[=<path>]] [--html-path] [--man-path] [--info-path]\n           [-p | --paginate | -P | --no-pager] [--no-replace-objects] [--bare]\n           [--git-dir=<path>] [--work-tree=<path>] [--namespace=<name>]\n           [--config-env=<name>=<envvar>] <command> [<args>]\n\nThese are common Git commands used in various situations:\n\nstart a working area (see also: git help tutorial)\n   clone     Clone a repository into a new directory\n   init      Create an empty Git repository or reinitialize an existing one\n\nwork on the current change (see also: git help everyday)\n   add       Add file contents to the index\n   mv        Move or rename a file, a directory, or a symlink\n   restore   Restore working tree files\n   rm        Remove files from the working tree and from the index\n\nexamine the history and state (see also: git help revisions)\n   bisect    Use binary search to find the commit that introduced a bug\n   diff      Show changes between commits, commit and working tree, etc\n   grep      Print lines matching a pattern\n   log       Show commit logs\n   show      Show various types of objects\n   status    Show the working tree status\n\ngrow, mark and tweak your common history\n   branch    List, create, or delete branches\n   commit    Record changes to the repository\n   merge     Join two or more development histories together\n   rebase    Reapply commits on top of another base tip\n   reset     Reset current HEAD to the specified state\n   switch    Switch branches\n   tag       Create, list, delete or verify a tag object signed with GPG\n\ncollaborate (see also: git help workflows)\n   fetch     Download objects and refs from another repository\n   pull      Fetch from and integrate with another repository or a local branch\n   push      Update remote refs along with associated objects\n\n'git help -a' and 'git help -g' list available subcommands and some\nconcept guides. See 'git help <command>' or 'git help <concept>'\nto read about a specific subcommand or concept.\nSee 'git help git' for an overview of the system.\n""
[0m04:54:10.304630 [debug] [MainThread]: STDERR: "b''"
[0m04:54:10.304938 [info ] [MainThread]:  - git [[32mOK found[0m]

[0m04:54:10.305203 [info ] [MainThread]: Connection:
[0m04:54:10.305462 [info ] [MainThread]:   account: AIEMMQS-JI54764
[0m04:54:10.305698 [info ] [MainThread]:   user: ERICMANIRAGUHA
[0m04:54:10.305936 [info ] [MainThread]:   database: SNOWFLAKE
[0m04:54:10.306178 [info ] [MainThread]:   warehouse: COMPUTE_WH
[0m04:54:10.306398 [info ] [MainThread]:   role: ACCOUNTADMIN
[0m04:54:10.306610 [info ] [MainThread]:   schema: dbt_eric
[0m04:54:10.306818 [info ] [MainThread]:   authenticator: None
[0m04:54:10.307027 [info ] [MainThread]:   oauth_client_id: None
[0m04:54:10.307239 [info ] [MainThread]:   query_tag: None
[0m04:54:10.307630 [info ] [MainThread]:   client_session_keep_alive: False
[0m04:54:10.307942 [info ] [MainThread]:   host: None
[0m04:54:10.308357 [info ] [MainThread]:   port: None
[0m04:54:10.308945 [info ] [MainThread]:   proxy_host: None
[0m04:54:10.309339 [info ] [MainThread]:   proxy_port: None
[0m04:54:10.309594 [info ] [MainThread]:   protocol: None
[0m04:54:10.309843 [info ] [MainThread]:   connect_retries: 1
[0m04:54:10.310081 [info ] [MainThread]:   connect_timeout: None
[0m04:54:10.310325 [info ] [MainThread]:   retry_on_database_errors: False
[0m04:54:10.310548 [info ] [MainThread]:   retry_all: False
[0m04:54:10.310779 [info ] [MainThread]:   insecure_mode: False
[0m04:54:10.310993 [info ] [MainThread]:   reuse_connections: True
[0m04:54:10.311225 [info ] [MainThread]:   s3_stage_vpce_dns_name: None
[0m04:54:10.311443 [info ] [MainThread]:   platform_detection_timeout_seconds: 0.0
[0m04:54:10.311802 [info ] [MainThread]: Registered adapter: snowflake=1.11.3
[0m04:54:10.413555 [debug] [MainThread]: Acquiring new snowflake connection 'debug'
[0m04:54:10.468772 [debug] [MainThread]: Using snowflake connection "debug"
[0m04:54:10.469224 [debug] [MainThread]: On debug: select 1 as id
[0m04:54:10.469502 [debug] [MainThread]: Opening a new connection, currently in state init
[0m04:54:13.758387 [debug] [MainThread]: SQL status: SUCCESS 1 in 3.289 seconds
[0m04:54:13.760684 [info ] [MainThread]:   Connection test: [[32mOK connection ok[0m]

[0m04:54:13.761751 [info ] [MainThread]: [32mAll checks passed![0m
[0m04:54:13.763611 [debug] [MainThread]: Resource report: {"command_name": "debug", "command_success": true, "command_wall_clock_time": 4.219001, "process_in_blocks": "2376", "process_kernel_time": 0.371861, "process_mem_max_rss": "219236", "process_out_blocks": "2208", "process_user_time": 2.986396}
[0m04:54:13.764532 [debug] [MainThread]: Command `dbt debug` succeeded at 04:54:13.764359 after 4.22 seconds
[0m04:54:13.767898 [debug] [MainThread]: Connection 'debug' was left open.
[0m04:54:13.768528 [debug] [MainThread]: On debug: Close
[0m04:54:14.430244 [debug] [MainThread]: Sending event: {'category': 'dbt', 'action': 'invocation', 'label': 'end', 'context': [<snowplow_tracker.self_describing_json.SelfDescribingJson object at 0x7d9f9f7b37d0>, <snowplow_tracker.self_describing_json.SelfDescribingJson object at 0x7d9f6a51df70>, <snowplow_tracker.self_describing_json.SelfDescribingJson object at 0x7d9f77490c80>]}
[0m04:54:14.431149 [debug] [MainThread]: Flushing usage events
[0m04:54:15.717735 [debug] [MainThread]: An error was encountered while trying to flush usage events
